19:40:02 **** Auto Build of configuration Debug for project esp_final_project ****
make pre-build main-build 
a9-linaro-pre-build-step
' '
'Building file: ../src/main.c'
'Invoking: ARM v7 gcc compiler'
arm-none-eabi-gcc -Wall -O0 -g3 -c -fmessage-length=0 -MT"src/main.o" -mcpu=cortex-a9 -mfpu=vfpv3 -mfloat-abi=hard -I../../esp_final_project_bsp/ps7_cortexa9_0/include -I"C:\Users\ainol\workspaces\final_work\zybo_platform" -MMD -MP -MF"src/main.d" -MT"src/main.o" -o "src/main.o" "../src/main.c"
In file included from ../src/main.c:18:
../../esp_final_project_bsp/ps7_cortexa9_0/include/xtime_l.h:87:9: note: #pragma message: For the sleep routines, Global timer is being used
 #pragma message ("For the sleep routines, Global timer is being used")
         ^~~~~~~
'Finished building: ../src/main.c'
' '
'Building target: esp_final_project.elf'
'Invoking: ARM v7 gcc linker'
arm-none-eabi-gcc -mcpu=cortex-a9 -mfpu=vfpv3 -mfloat-abi=hard -Wl,-build-id=none -specs=Xilinx.spec -Wl,-T -Wl,../src/lscript.ld -L../../esp_final_project_bsp/ps7_cortexa9_0/lib -o "esp_final_project.elf"  ./src/main.o   -Wl,--start-group,-lxil,-lgcc,-lc,--end-group
'Finished building target: esp_final_project.elf'
' '
'Invoking: ARM v7 Print Size'
arm-none-eabi-size esp_final_project.elf  |tee "esp_final_project.elf.size"
   text	   data	    bss	    dec	    hex	filename
  19268	   1144	  22568	  42980	   a7e4	esp_final_project.elf
'Finished building: esp_final_project.elf.size'
' '

19:40:03 Build Finished (took 1s.370ms)

